// Jest Snapshot v1, https://goo.gl/fbAQLP

exports[`FloorManagersListMenu.vue has the expected html structure 1`] = `<!--  -->`;
