// Jest Snapshot v1, https://goo.gl/fbAQLP

exports[`ProjectsList.vue has the expected html structure 1`] = `<!--  -->`;
